hello errors
